// Jest Snapshot v1, https://goo.gl/fbAQLP

exports[`handles nested arrays with inlineArrayLimit 1`] = `
"{
  matrix: [[1, 2], [3, 4]]
}"
`;

exports[`serializes arrays with newlines when length exceeds the inlineArrayLimit with space set 1`] = `
"{
  numbers: [
    1,
    2,
    3,
    4,
    5
  ]
}"
`;

exports[`serializes arrays without newlines when length equals the inlineArrayLimit 1`] = `
"{
  numbers: [1, 2, 3, 4, 5]
}"
`;

exports[`serializes arrays without newlines when length exceeds the inlineArrayLimit 1`] = `"{numbers: [1, 2, 3, 4, 5]}"`;

exports[`serializes arrays without newlines when length is below the inlineArrayLimit 1`] = `"{numbers: [1, 2, 3]}"`;
