// Jest Snapshot v1, https://goo.gl/fbAQLP

exports[`defaultValue 1`] = `
"{
  $schema: '../assetlist.schema.json',
  chainName: 'comdex',
  assets: [
    {
      description: 'Native Token of Comdex Protocol',
      denomUnits: [
        {
          denom: 'ucmdx',
          exponent: 0
        },
        {
          denom: 'cmdx',
          exponent: 6
        }
      ],
      base: 'ucmdx',
      name: 'Comdex',
      display: 'cmdx',
      symbol: 'CMDX',
      logoURIs: {
        png: 'https://raw.githubusercontent.com/cosmos/chain-registry/master/comdex/images/cmdx.png',
        svg: 'https://raw.githubusercontent.com/cosmos/chain-registry/master/comdex/images/cmdx.svg'
      },
      coingeckoId: 'comdex',
      images: [
        {
          png: 'https://raw.githubusercontent.com/cosmos/chain-registry/master/comdex/images/cmdx.png',
          svg: 'https://raw.githubusercontent.com/cosmos/chain-registry/master/comdex/images/cmdx.svg'
        }
      ],
      assetType: 'unknown'
    },
    {
      assetType: 'sdk.Factory',
      description: 'Governance Token of Harbor protocol on Comdex network',
      denomUnits: [
        {
          denom: 'uharbor',
          exponent: 0
        },
        {
          denom: 'harbor',
          exponent: 6
        }
      ],
      base: 'uharbor',
      name: 'Harbor',
      display: 'harbor',
      symbol: 'HARBOR',
      logoURIs: {
        png: 'https://raw.githubusercontent.com/cosmos/chain-registry/master/comdex/images/harbor.png',
        svg: 'https://raw.githubusercontent.com/cosmos/chain-registry/master/comdex/images/harbor.svg'
      },
      coingeckoId: 'harbor-2',
      images: [
        {
          png: 'https://raw.githubusercontent.com/cosmos/chain-registry/master/comdex/images/harbor.png',
          svg: 'https://raw.githubusercontent.com/cosmos/chain-registry/master/comdex/images/harbor.svg'
        }
      ]
    },
    {
      description: 'Stable Token of Harbor protocol on Comdex network',
      denomUnits: [
        {
          denom: 'ucmst',
          exponent: 0
        },
        {
          denom: 'cmst',
          exponent: 6
        }
      ],
      base: 'ucmst',
      name: 'CMST',
      display: 'cmst',
      symbol: 'CMST',
      logoURIs: {
        png: 'https://raw.githubusercontent.com/cosmos/chain-registry/master/comdex/images/cmst.png',
        svg: 'https://raw.githubusercontent.com/cosmos/chain-registry/master/comdex/images/cmst.svg'
      },
      coingeckoId: 'composite',
      images: [
        {
          png: 'https://raw.githubusercontent.com/cosmos/chain-registry/master/comdex/images/cmst.png',
          svg: 'https://raw.githubusercontent.com/cosmos/chain-registry/master/comdex/images/cmst.svg'
        }
      ],
      assetType: 'unknown'
    },
    {
      description: 'My ibc token',
      denomUnits: [
        {
          denom: 'uibc',
          exponent: 0
        },
        {
          denom: 'ibc',
          exponent: 6
        }
      ],
      base: 'ibc/A358FDF578F3483381C3191F86E4C6859E76100',
      name: 'IBC',
      display: 'ibc',
      symbol: 'IBC',
      logoURIs: {
        png: 'https://raw.githubusercontent.com/cosmos/chain-registry/master/comdex/images/cmst.png',
        svg: 'https://raw.githubusercontent.com/cosmos/chain-registry/master/comdex/images/cmst.svg'
      },
      coingeckoId: 'ibc',
      images: [
        {
          png: 'https://raw.githubusercontent.com/cosmos/chain-registry/master/comdex/images/cmst.png',
          svg: 'https://raw.githubusercontent.com/cosmos/chain-registry/master/comdex/images/cmst.svg'
        }
      ],
      assetType: 'ibc'
    }
  ]
}"
`;

exports[`defaultValue undefined 1`] = `
"{
  $schema: '../assetlist.schema.json',
  chainName: 'picasso',
  assets: [
    {
      description: 'The native staking and governance token of Picasso Kusama.',
      denomUnits: [
        {
          denom: 'ppica',
          exponent: 0
        },
        {
          denom: 'pica',
          exponent: 12
        }
      ],
      assetType: 'substrate',
      base: 'ppica',
      name: 'Pica',
      display: 'pica',
      symbol: 'PICA',
      logoURIs: {
        svg: 'https://raw.githubusercontent.com/cosmos/chain-registry/master/composable/images/pica.svg'
      },
      images: [
        {
          svg: 'https://raw.githubusercontent.com/cosmos/chain-registry/master/composable/images/pica.svg'
        }
      ]
    },
    {
      denomUnits: [
        {
          denom: '4',
          exponent: 0
        },
        {
          denom: 'ksm',
          exponent: 12
        }
      ],
      assetType: 'substrate',
      base: '4',
      name: 'Kusama',
      display: 'ksm',
      symbol: 'KSM',
      traces: [
        {
          type: 'bridge',
          counterparty: {
            chainName: 'kusama',
            baseDenom: 'Planck'
          },
          provider: 'Kusama Parachain'
        }
      ],
      images: [
        {
          imageSync: {
            chainName: 'kusama',
            baseDenom: 'Planck'
          },
          svg: 'https://raw.githubusercontent.com/cosmos/chain-registry/master/_non-cosmos/kusama/images/ksm.svg'
        }
      ],
      logoURIs: {
        svg: 'https://raw.githubusercontent.com/cosmos/chain-registry/master/_non-cosmos/kusama/images/ksm.svg'
      }
    },
    {
      denomUnits: [
        {
          denom: '79228162514264337593543950342',
          exponent: 0
        },
        {
          denom: 'dot',
          exponent: 10
        }
      ],
      assetType: 'substrate',
      base: '79228162514264337593543950342',
      name: 'Polkadot',
      display: 'dot',
      symbol: 'DOT',
      traces: [
        {
          type: 'ibc',
          counterparty: {
            chainName: 'composablepolkadot',
            baseDenom: '79228162514264337593543950342',
            channelId: 'channel-15'
          },
          chain: {
            channelId: 'channel-15',
            path: 'transfer/channel-15/79228162514264337593543950342'
          }
        }
      ],
      images: [
        {
          imageSync: {
            chainName: 'composablepolkadot',
            baseDenom: '79228162514264337593543950342'
          },
          svg: 'https://raw.githubusercontent.com/cosmos/chain-registry/master/_non-cosmos/polkadot/images/dot.svg',
          png: 'https://raw.githubusercontent.com/cosmos/chain-registry/master/_non-cosmos/polkadot/images/dot.png'
        }
      ],
      logoURIs: {
        png: 'https://raw.githubusercontent.com/cosmos/chain-registry/master/_non-cosmos/polkadot/images/dot.png',
        svg: 'https://raw.githubusercontent.com/cosmos/chain-registry/master/_non-cosmos/polkadot/images/dot.svg'
      }
    },
    {
      denomUnits: [
        {
          denom: '130',
          exponent: 0
        },
        {
          denom: 'usdt',
          exponent: 6
        }
      ],
      assetType: 'substrate',
      base: '130',
      name: 'Statemine',
      display: 'usdt',
      symbol: 'USDT',
      traces: [
        {
          type: 'bridge',
          counterparty: {
            chainName: 'statemine',
            baseDenom: '130'
          },
          provider: 'Kusama Parachain'
        }
      ],
      images: [
        {
          imageSync: {
            chainName: 'statemine',
            baseDenom: '130'
          }
        }
      ]
    },
    {
      denomUnits: [
        {
          denom: '2125',
          exponent: 0
        },
        {
          denom: 'TNKR',
          exponent: 12
        }
      ],
      base: '2125',
      name: 'Tinkernet',
      display: 'TNKR',
      symbol: 'TNKR',
      traces: [
        {
          type: 'bridge',
          counterparty: {
            chainName: 'tinkernet',
            baseDenom: 'Planck'
          },
          provider: 'Tinkernet Parachain'
        }
      ],
      images: [
        {
          imageSync: {
            chainName: 'tinkernet',
            baseDenom: 'Planck'
          },
          svg: 'https://raw.githubusercontent.com/cosmos/chain-registry/master/_non-cosmos/tinkernet/images/tnkr.svg'
        }
      ],
      logoURIs: {
        svg: 'https://raw.githubusercontent.com/cosmos/chain-registry/master/_non-cosmos/tinkernet/images/tnkr.svg'
      }
    }
  ]
}"
`;
