// Jest Snapshot v1, https://goo.gl/fbAQLP

exports[`handles strings with newlines and other special chars 1`] = `"{title: 'AIOZ Network is a DePIN for Web3 AI, Storage and Streaming.\\n\\nAIOZ empowers a faster, secure and decentralized future.\\n\\nPowered by a global network of DePINs, AIOZ rewards you for sharing your computational resources for storing, transcoding, and streaming digital media content and powering decentralized AI computation.', description: 'AIOZ Network is a DePIN for Web3 AI, Storage and Streaming.\\n\\t\\rAIOZ empowers a faster, secure and decentralized future.\\n\\nPowered by a global network of DePINs, AIOZ rewards you for sharing your computational resources for storing, transcoding, and streaming digital media content and powering decentralized AI computation.'}"`;
